// Jest Snapshot v1, https://goo.gl/fbAQLP

exports[`MainUserInfoComponent component test MainUserInfoComponent component rendered succesfully 1`] = `
<Tabs
  defaultFocus={false}
  defaultIndex={null}
  forceRenderTabPanel={false}
  onSelect={[Function]}
  selectedIndex={0}
>
  <TabList
    className="react-tabs__tab-list"
  >
    <Tab
      className="react-tabs__tab"
      disabledClassName="react-tabs__tab--disabled"
      focus={false}
      id={null}
      panelId={null}
      selected={false}
      selectedClassName="react-tabs__tab--selected"
    >
      Основное
    </Tab>
    <Tab
      className="react-tabs__tab"
      disabledClassName="react-tabs__tab--disabled"
      focus={false}
      id={null}
      panelId={null}
      selected={false}
      selectedClassName="react-tabs__tab--selected"
    >
      Образование
    </Tab>
    <Tab
      className="react-tabs__tab"
      disabledClassName="react-tabs__tab--disabled"
      focus={false}
      id={null}
      panelId={null}
      selected={false}
      selectedClassName="react-tabs__tab--selected"
    >
      Контакты
    </Tab>
  </TabList>
  <TabPanel
    className="react-tabs__tab-panel"
    forceRender={false}
    selectedClassName="react-tabs__tab-panel--selected"
  >
    <TextAreaComponent
      id="textArea1"
      number={1}
    />
  </TabPanel>
  <TabPanel
    className="react-tabs__tab-panel"
    forceRender={false}
    selectedClassName="react-tabs__tab-panel--selected"
  >
    <TextAreaComponent
      id="textArea2"
      number={2}
    />
  </TabPanel>
  <TabPanel
    className="react-tabs__tab-panel"
    forceRender={false}
    selectedClassName="react-tabs__tab-panel--selected"
  >
    <TextAreaComponent
      id="textArea3"
      number={3}
    />
  </TabPanel>
</Tabs>
`;

exports[`MainUserInfoComponent component test MainUserInfoComponent component rendered succesfully 2`] = `
<Connect(MainUserInfoComponent)
  store={
    Object {
      "clearActions": [Function],
      "dispatch": [Function],
      "getActions": [Function],
      "getState": [Function],
      "replaceReducer": [Function],
      "subscribe": [Function],
    }
  }
>
  <MainUserInfoComponent
    dispatch={[Function]}
    image="https://avatars3.githubusercontent.com/u/30079690?s=400&u=e3443b749fa4d36979e0d631192f3a7bbadc3eeb&v=4"
    login="logoped583st"
    name="STAS"
    store={
      Object {
        "clearActions": [Function],
        "dispatch": [Function],
        "getActions": [Function],
        "getState": [Function],
        "replaceReducer": [Function],
        "subscribe": [Function],
      }
    }
    storeSubscription={
      Subscription {
        "listeners": Object {
          "clear": [Function],
          "get": [Function],
          "notify": [Function],
          "subscribe": [Function],
        },
        "onStateChange": [Function],
        "parentSub": undefined,
        "store": Object {
          "clearActions": [Function],
          "dispatch": [Function],
          "getActions": [Function],
          "getState": [Function],
          "replaceReducer": [Function],
          "subscribe": [Function],
        },
        "unsubscribe": [Function],
      }
    }
  >
    <div
      className="MainUser"
    >
      <div
        className="image_table"
      >
        <img
          alt="STAS"
          src="https://avatars3.githubusercontent.com/u/30079690?s=400&u=e3443b749fa4d36979e0d631192f3a7bbadc3eeb&v=4"
        />
        <TabsComponent
          className="Table"
          store=""
        >
          <Tabs
            defaultFocus={false}
            defaultIndex={null}
            forceRenderTabPanel={false}
            onSelect={[Function]}
            selectedIndex={0}
          >
            <UncontrolledTabs
              className="react-tabs"
              focus={false}
              forceRenderTabPanel={false}
              onSelect={[Function]}
              selectedIndex={0}
            >
              <div
                className="react-tabs"
                data-tabs={true}
                onClick={[Function]}
                onKeyDown={[Function]}
              >
                <TabList
                  className="react-tabs__tab-list"
                  key=".0"
                >
                  <ul
                    className="react-tabs__tab-list"
                    role="tablist"
                  >
                    <Tab
                      className="react-tabs__tab"
                      disabledClassName="react-tabs__tab--disabled"
                      focus={false}
                      id="react-tabs-0"
                      key=".0"
                      panelId="react-tabs-1"
                      selected={true}
                      selectedClassName="react-tabs__tab--selected"
                      tabRef={[Function]}
                    >
                      <li
                        aria-controls="react-tabs-1"
                        aria-disabled="false"
                        aria-selected="true"
                        className="react-tabs__tab react-tabs__tab--selected"
                        id="react-tabs-0"
                        role="tab"
                        tabIndex="0"
                      >
                        Основное
                      </li>
                    </Tab>
                    <Tab
                      className="react-tabs__tab"
                      disabledClassName="react-tabs__tab--disabled"
                      focus={false}
                      id="react-tabs-2"
                      key=".1"
                      panelId="react-tabs-3"
                      selected={false}
                      selectedClassName="react-tabs__tab--selected"
                      tabRef={[Function]}
                    >
                      <li
                        aria-controls="react-tabs-3"
                        aria-disabled="false"
                        aria-selected="false"
                        className="react-tabs__tab"
                        id="react-tabs-2"
                        role="tab"
                        tabIndex={null}
                      >
                        Образование
                      </li>
                    </Tab>
                    <Tab
                      className="react-tabs__tab"
                      disabledClassName="react-tabs__tab--disabled"
                      focus={false}
                      id="react-tabs-4"
                      key=".2"
                      panelId="react-tabs-5"
                      selected={false}
                      selectedClassName="react-tabs__tab--selected"
                      tabRef={[Function]}
                    >
                      <li
                        aria-controls="react-tabs-5"
                        aria-disabled="false"
                        aria-selected="false"
                        className="react-tabs__tab"
                        id="react-tabs-4"
                        role="tab"
                        tabIndex={null}
                      >
                        Контакты
                      </li>
                    </Tab>
                  </ul>
                </TabList>
                <TabPanel
                  className="react-tabs__tab-panel"
                  forceRender={false}
                  id="react-tabs-1"
                  key=".1"
                  selected={true}
                  selectedClassName="react-tabs__tab-panel--selected"
                  tabId="react-tabs-0"
                >
                  <div
                    aria-labelledby="react-tabs-0"
                    className="react-tabs__tab-panel react-tabs__tab-panel--selected"
                    id="react-tabs-1"
                    role="tabpanel"
                  >
                    <TextAreaComponent
                      id="textArea1"
                      number={1}
                    >
                      <div
                        className="editArea"
                      >
                        <button>
                          Edit 
                          1
                        </button>
                        <textarea
                          className="textArea"
                          type="text"
                          value=""
                        />
                      </div>
                    </TextAreaComponent>
                  </div>
                </TabPanel>
                <TabPanel
                  className="react-tabs__tab-panel"
                  forceRender={false}
                  id="react-tabs-3"
                  key=".2"
                  selected={false}
                  selectedClassName="react-tabs__tab-panel--selected"
                  tabId="react-tabs-2"
                >
                  <div
                    aria-labelledby="react-tabs-2"
                    className="react-tabs__tab-panel"
                    id="react-tabs-3"
                    role="tabpanel"
                  />
                </TabPanel>
                <TabPanel
                  className="react-tabs__tab-panel"
                  forceRender={false}
                  id="react-tabs-5"
                  key=".3"
                  selected={false}
                  selectedClassName="react-tabs__tab-panel--selected"
                  tabId="react-tabs-4"
                >
                  <div
                    aria-labelledby="react-tabs-4"
                    className="react-tabs__tab-panel"
                    id="react-tabs-5"
                    role="tabpanel"
                  />
                </TabPanel>
              </div>
            </UncontrolledTabs>
          </Tabs>
        </TabsComponent>
      </div>
      <h2>
        STAS
      </h2>
      <h3>
        logoped583st
      </h3>
    </div>
  </MainUserInfoComponent>
</Connect(MainUserInfoComponent)>
`;
